tranche 11 : 23 courses, 0 déjà faites, 23 à faire, sur 4 processus
  cnn_ANCRE_fixe_SEL_30_s2           fait en  64.5 min   [1/23]   écoulé  64.5 min
  cnn_ANCRE_fixe_SEL_1000_s10        fait en  64.5 min   [2/23]   écoulé  64.5 min
  cnn_ANCRE_fixe_IMP_1000_s6         fait en  65.1 min   [3/23]   écoulé  65.1 min
  cnn_ANCRE_fixe_IMP_1_s10           fait en  65.3 min   [4/23]   écoulé  65.3 min
  mlp_AUTO_fixe_SEL_30_s2            fait en   5.1 min   [5/23]   écoulé  69.6 min
  mlp_FIGE_fixe_SEL_30_s2            fait en   5.5 min   [6/23]   écoulé  70.6 min
  mlp_FRAIS_fixe_SEL_30_s2           fait en   5.4 min   [7/23]   écoulé  70.7 min
  mlp_ANCRE_fixe_SEL_30_s2           fait en   5.2 min   [8/23]   écoulé  74.8 min
  mlp_AUTO_tourne_SEL_30_s2          fait en   5.3 min   [9/23]   écoulé  75.9 min
  mlp_FIGE_tourne_SEL_30_s2          fait en   5.5 min   [10/23]   écoulé  76.2 min
  mlp_FRAIS_tourne_SEL_30_s2         fait en   5.6 min   [11/23]   écoulé  80.4 min
  mlp_ANCRE_tourne_SEL_30_s2         fait en   5.4 min   [12/23]   écoulé  81.3 min
  mlp_AUTO_degrade_SEL_30_s10        fait en   5.3 min   [13/23]   écoulé  81.5 min
  mlp_FRAIS_degrade_SEL_30_s6        fait en   5.4 min   [14/23]   écoulé  85.8 min
  mlp_ANCRE_fixe_IMP_1_s2            fait en   5.4 min   [15/23]   écoulé  86.7 min
  mlp_ANCRE_fixe_IMP_3_s10           fait en   5.4 min   [16/23]   écoulé  86.9 min
  mlp_ANCRE_fixe_IMP_30_s6           fait en   5.2 min   [17/23]   écoulé  91.0 min
  mlp_ANCRE_fixe_IMP_300_s2          fait en   5.4 min   [18/23]   écoulé  92.1 min
  mlp_ANCRE_fixe_IMP_1000_s10        fait en   5.3 min   [19/23]   écoulé  92.2 min
  mlp_ANCRE_fixe_SEL_1000_s6         fait en   5.4 min   [20/23]   écoulé  96.4 min
  mlp_ANCRE_fixe_DIF_1000_s2         fait en   5.4 min   [21/23]   écoulé  97.5 min
  mlp_ANCRE_fixe_RAM_1000_s10        fait en   5.4 min   [22/23]   écoulé  97.6 min
  cnn_AUTO_fixe_SEL_30_s6            fait en  70.4 min   [23/23]   écoulé 134.9 min
TRANCHE 11 TERMINÉE — 23 courses dans resultats/tranche_11.json
