tranche 10 : 23 courses, 0 déjà faites, 23 à faire, sur 4 processus
  cnn_ANCRE_fixe_IMP_1_s9            fait en  54.4 min   [1/23]   écoulé  54.4 min
  cnn_ANCRE_fixe_SEL_30_s1           fait en  54.4 min   [2/23]   écoulé  54.4 min
  cnn_ANCRE_fixe_IMP_1000_s5         fait en  54.6 min   [3/23]   écoulé  54.6 min
  cnn_ANCRE_fixe_SEL_1000_s9         fait en  54.6 min   [4/23]   écoulé  54.6 min
  mlp_AUTO_fixe_SEL_30_s1            fait en   4.2 min   [5/23]   écoulé  58.7 min
  mlp_FIGE_fixe_SEL_30_s1            fait en   4.5 min   [6/23]   écoulé  59.0 min
  mlp_FRAIS_fixe_SEL_30_s1           fait en   4.5 min   [7/23]   écoulé  59.0 min
  mlp_ANCRE_fixe_SEL_30_s1           fait en   4.4 min   [8/23]   écoulé  63.0 min
  mlp_AUTO_tourne_SEL_30_s1          fait en   4.5 min   [9/23]   écoulé  63.5 min
  mlp_FIGE_tourne_SEL_30_s1          fait en   4.7 min   [10/23]   écoulé  63.8 min
  mlp_FRAIS_tourne_SEL_30_s1         fait en   4.6 min   [11/23]   écoulé  67.7 min
  mlp_AUTO_degrade_SEL_30_s9         fait en   4.3 min   [12/23]   écoulé  68.1 min
  mlp_ANCRE_tourne_SEL_30_s1         fait en   4.6 min   [13/23]   écoulé  68.2 min
  mlp_FRAIS_degrade_SEL_30_s5        fait en   4.5 min   [14/23]   écoulé  72.2 min
  mlp_ANCRE_fixe_IMP_1_s1            fait en   4.5 min   [15/23]   écoulé  72.6 min
  mlp_ANCRE_fixe_IMP_3_s9            fait en   4.5 min   [16/23]   écoulé  72.6 min
  mlp_ANCRE_fixe_IMP_30_s5           fait en   4.4 min   [17/23]   écoulé  76.5 min
  mlp_ANCRE_fixe_IMP_300_s1          fait en   4.3 min   [18/23]   écoulé  76.9 min
  mlp_ANCRE_fixe_IMP_1000_s9         fait en   4.3 min   [19/23]   écoulé  77.0 min
  mlp_ANCRE_fixe_SEL_1000_s5         fait en   4.2 min   [20/23]   écoulé  80.7 min
  mlp_ANCRE_fixe_DIF_1000_s1         fait en   4.3 min   [21/23]   écoulé  81.2 min
  mlp_ANCRE_fixe_RAM_1000_s9         fait en   4.2 min   [22/23]   écoulé  81.2 min
  cnn_AUTO_fixe_SEL_30_s5            fait en  58.0 min   [23/23]   écoulé 112.4 min
TRANCHE 10 TERMINÉE — 23 courses dans resultats/tranche_10.json
