tranche 18 : 22 courses, 0 déjà faites, 22 à faire, sur 4 processus
  cnn_ANCRE_fixe_SEL_1_s1            fait en  69.9 min   [1/22]   écoulé  69.9 min
  cnn_ANCRE_fixe_IMP_30_s5           fait en  70.0 min   [2/22]   écoulé  70.0 min
  cnn_ANCRE_fixe_DIF_1000_s5         fait en  70.0 min   [3/22]   écoulé  70.0 min
  cnn_ANCRE_fixe_SEL_30_s9           fait en  70.0 min   [4/22]   écoulé  70.0 min
  mlp_AUTO_fixe_SEL_30_s9            fait en   7.6 min   [5/22]   écoulé  77.7 min
  mlp_FRAIS_fixe_SEL_30_s9           fait en   7.7 min   [6/22]   écoulé  77.7 min
  mlp_FIGE_fixe_SEL_30_s9            fait en   7.7 min   [7/22]   écoulé  77.7 min
  mlp_ANCRE_fixe_SEL_30_s9           fait en   7.0 min   [8/22]   écoulé  84.6 min
  mlp_AUTO_tourne_SEL_30_s9          fait en   7.0 min   [9/22]   écoulé  84.7 min
  mlp_FIGE_tourne_SEL_30_s9          fait en   7.3 min   [10/22]   écoulé  85.1 min
  mlp_FRAIS_tourne_SEL_30_s9         fait en   7.0 min   [11/22]   écoulé  91.6 min
  mlp_ANCRE_tourne_SEL_30_s9         fait en   7.0 min   [12/22]   écoulé  91.7 min
  mlp_FIGE_degrade_SEL_30_s5         fait en   7.0 min   [13/22]   écoulé  92.1 min
  mlp_ANCRE_degrade_SEL_30_s1        fait en   6.9 min   [14/22]   écoulé  98.6 min
  mlp_ANCRE_fixe_IMP_1_s9            fait en   6.9 min   [15/22]   écoulé  98.6 min
  mlp_ANCRE_fixe_IMP_10_s5           fait en   6.8 min   [16/22]   écoulé  98.9 min
  mlp_ANCRE_fixe_IMP_100_s1          fait en   6.8 min   [17/22]   écoulé 105.3 min
  mlp_ANCRE_fixe_IMP_300_s9          fait en   6.9 min   [18/22]   écoulé 105.6 min
  mlp_ANCRE_fixe_SEL_1_s5            fait en   6.8 min   [19/22]   écoulé 105.7 min
  mlp_ANCRE_fixe_DIF_30_s1           fait en   6.8 min   [20/22]   écoulé 112.2 min
  mlp_ANCRE_fixe_DIF_1000_s9         fait en   6.8 min   [21/22]   écoulé 112.3 min
